./generated/test/test-habitat
Randomness seeded to: 136937412
"🀐"
{
  "previous": "%fkYNze1TmuWuQvpdowh7f+BR7nlrE8k3dVc3F1+21Nc=.sha256",
  "sequence": 7866,
  "author": "@0W1ekqmNIN4e1IsAWBM1Kft6w5w86BMUdPO2M0SO83I=.ed25519",
  "timestamp": 1693523614894,
  "hash": "sha256",
  "content": {
    "text": "This post is to serve as a reference for testing message hashing in Habitat. It includes the 🀐 character to ensure all the edge cases are covered.",
    "type": "post",
    "root": "%7ktVW113fuZBHkzhPRq0vteBb1gk0H+yL0MXeD90zXU=.sha256",
    "mentions": [],
    "branch": "%7ktVW113fuZBHkzhPRq0vteBb1gk0H+yL0MXeD90zXU=.sha256",
    "fork": "%R17AcZh5Ab8LlPmVpnThpSa6qYSoGyc8ufQ6BOAZBGg=.sha256"
  },
  "signature": "H9U8Q2HbePwtNhEPOI1SLLRH99uQf9dQqTA3JqWJAGSM/nC/zIJFkJZ8MjgFev/We/rR/0g4jafdjX7oHu9fDw==.sig.ed25519"
}
~~~~~~~~~~~~~~~~~~~~~~~~~~~~~~~~~~~~~~~~~~~~~~~~~~~~~~~~~~~~~~~~~~~~~~~~~~~~~~~
[0;37mtest-habitat is a Catch2 v3.3.1 host application.
Run with -? for options

[0m-------------------------------------------------------------------------------
[0mProduces the same hash as Manyverse
[0m-------------------------------------------------------------------------------
[0;37mtests/SignJSONSpec.cpp:6
...............................................................................

[0m[0;37mtests/SignJSONSpec.cpp:34: [0m[1;31mFAILED:
[0m[0;36m  REQUIRE( hash == "%JFOLfCUuZz0AFMvo0iN0J3/cWV0nRF6aDKrRS6Bxz8c=.sha256" )
[0mwith expansion:
[1;33m  %otZ7bsUomsj52vPPdhFKN0HAZ2J2YaiNCD8ShfD1p2g=.sha256
  ==
  "%JFOLfCUuZz0AFMvo0iN0J3/cWV0nRF6aDKrRS6Bxz8c=.sha256"
[0m
[1;31m========================================[1;33m[0m[0m[0;32m=======================================[0m[0;37m[0m
test cases: 2[0;37m | [0;32m1 passed[0m[0m[0;37m | [1;31m1 failed[0m[0m
assertions: 2[0;37m | [0;32m1 passed[0m[0m[0;37m | [1;31m1 failed[0m[0m

Makefile:412: recipe for target 'test' failed
